MPLINK 4.49, Linker
Linker Map File - Created Tue Sep 02 17:42:41 2025

                                 Section Info
                  Section       Type    Address   Location Size(Bytes)
                ---------  ---------  ---------  ---------  ---------
                   .org_0       code   0x000000    program   0x000000
                   .org_1       code   0x000000    program   0x000002
                   .org_2       code   0x000005    program   0x000030



                              Program Memory Usage 
                               Start         End      
                           ---------   ---------      
                            0x000000    0x000000      
                            0x000005    0x00001c      
            25 out of 8454 program addresses used, program memory utilization is 0%



                              Symbols - Sorted by Name
                     Name    Address   Location    Storage File                     
                ---------  ---------  ---------  --------- ---------                
                   INICIO   0x000005    program     static C:\Users\alfon\OneDrive\SEMESTRE 09\Microcomp\Practicas\Practica1\Practica1_Ejercicio5.asm
              NO_ES_NUEVE   0x00000e    program     static C:\Users\alfon\OneDrive\SEMESTRE 09\Microcomp\Practicas\Practica1\Practica1_Ejercicio5.asm
      NO_YA_ES_Diecinueve   0x000012    program     static C:\Users\alfon\OneDrive\SEMESTRE 09\Microcomp\Practicas\Practica1\Practica1_Ejercicio5.asm
         YA_ES_Diecinueve   0x000014    program     static C:\Users\alfon\OneDrive\SEMESTRE 09\Microcomp\Practicas\Practica1\Practica1_Ejercicio5.asm
              YA_ES_NUEVE   0x000017    program     static C:\Users\alfon\OneDrive\SEMESTRE 09\Microcomp\Practicas\Practica1\Practica1_Ejercicio5.asm
             YA_ES_VEINTE   0x00001a    program     static C:\Users\alfon\OneDrive\SEMESTRE 09\Microcomp\Practicas\Practica1\Practica1_Ejercicio5.asm



                              Symbols - Sorted by Address
                     Name    Address   Location    Storage File                     
                ---------  ---------  ---------  --------- ---------                
                   INICIO   0x000005    program     static C:\Users\alfon\OneDrive\SEMESTRE 09\Microcomp\Practicas\Practica1\Practica1_Ejercicio5.asm
              NO_ES_NUEVE   0x00000e    program     static C:\Users\alfon\OneDrive\SEMESTRE 09\Microcomp\Practicas\Practica1\Practica1_Ejercicio5.asm
      NO_YA_ES_Diecinueve   0x000012    program     static C:\Users\alfon\OneDrive\SEMESTRE 09\Microcomp\Practicas\Practica1\Practica1_Ejercicio5.asm
         YA_ES_Diecinueve   0x000014    program     static C:\Users\alfon\OneDrive\SEMESTRE 09\Microcomp\Practicas\Practica1\Practica1_Ejercicio5.asm
              YA_ES_NUEVE   0x000017    program     static C:\Users\alfon\OneDrive\SEMESTRE 09\Microcomp\Practicas\Practica1\Practica1_Ejercicio5.asm
             YA_ES_VEINTE   0x00001a    program     static C:\Users\alfon\OneDrive\SEMESTRE 09\Microcomp\Practicas\Practica1\Practica1_Ejercicio5.asm


