MPLINK 4.49, Linker
Linker Map File - Created Tue Sep 02 17:52:22 2025

                                 Section Info
                  Section       Type    Address   Location Size(Bytes)
                ---------  ---------  ---------  ---------  ---------
                   .org_0       code   0x000000    program   0x000000
                   .org_1       code   0x000000    program   0x000002
                   .org_2       code   0x000004    program   0x0000d0



                              Program Memory Usage 
                               Start         End      
                           ---------   ---------      
                            0x000000    0x000000      
                            0x000004    0x00006b      
            105 out of 8454 program addresses used, program memory utilization is 1%



                              Symbols - Sorted by Name
                     Name    Address   Location    Storage File                     
                ---------  ---------  ---------  --------- ---------                
                   CONTAR   0x00001c    program     static C:\Users\alfon\OneDrive\SEMESTRE 09\Microcomp\Proyectos\Proyecto01Final\Proyecto1.asm
                   CORRER   0x000035    program     static C:\Users\alfon\OneDrive\SEMESTRE 09\Microcomp\Proyectos\Proyecto01Final\Proyecto1.asm
                    ETIQ1   0x000014    program     static C:\Users\alfon\OneDrive\SEMESTRE 09\Microcomp\Proyectos\Proyecto01Final\Proyecto1.asm
                    ETIQ2   0x00001a    program     static C:\Users\alfon\OneDrive\SEMESTRE 09\Microcomp\Proyectos\Proyecto01Final\Proyecto1.asm
                    ETIQ3   0x000025    program     static C:\Users\alfon\OneDrive\SEMESTRE 09\Microcomp\Proyectos\Proyecto01Final\Proyecto1.asm
                    ETIQ4   0x000030    program     static C:\Users\alfon\OneDrive\SEMESTRE 09\Microcomp\Proyectos\Proyecto01Final\Proyecto1.asm
                   INICIO   0x000005    program     static C:\Users\alfon\OneDrive\SEMESTRE 09\Microcomp\Proyectos\Proyecto01Final\Proyecto1.asm
                      ISR   0x00006a    program     static C:\Users\alfon\OneDrive\SEMESTRE 09\Microcomp\Proyectos\Proyecto01Final\Proyecto1.asm
                     LOOP   0x00000d    program     static C:\Users\alfon\OneDrive\SEMESTRE 09\Microcomp\Proyectos\Proyecto01Final\Proyecto1.asm
                   R100_1   0x00003f    program     static C:\Users\alfon\OneDrive\SEMESTRE 09\Microcomp\Proyectos\Proyecto01Final\Proyecto1.asm
                   R100_2   0x000041    program     static C:\Users\alfon\OneDrive\SEMESTRE 09\Microcomp\Proyectos\Proyecto01Final\Proyecto1.asm
                    R1S_1   0x000060    program     static C:\Users\alfon\OneDrive\SEMESTRE 09\Microcomp\Proyectos\Proyecto01Final\Proyecto1.asm
                    R1S_2   0x000062    program     static C:\Users\alfon\OneDrive\SEMESTRE 09\Microcomp\Proyectos\Proyecto01Final\Proyecto1.asm
                   R300_1   0x00004a    program     static C:\Users\alfon\OneDrive\SEMESTRE 09\Microcomp\Proyectos\Proyecto01Final\Proyecto1.asm
                   R300_2   0x00004c    program     static C:\Users\alfon\OneDrive\SEMESTRE 09\Microcomp\Proyectos\Proyecto01Final\Proyecto1.asm
                   R500_1   0x000055    program     static C:\Users\alfon\OneDrive\SEMESTRE 09\Microcomp\Proyectos\Proyecto01Final\Proyecto1.asm
                   R500_2   0x000057    program     static C:\Users\alfon\OneDrive\SEMESTRE 09\Microcomp\Proyectos\Proyecto01Final\Proyecto1.asm
            RETARDO_100MS   0x00003d    program     static C:\Users\alfon\OneDrive\SEMESTRE 09\Microcomp\Proyectos\Proyecto01Final\Proyecto1.asm
               RETARDO_1S   0x00005e    program     static C:\Users\alfon\OneDrive\SEMESTRE 09\Microcomp\Proyectos\Proyecto01Final\Proyecto1.asm
            RETARDO_300MS   0x000048    program     static C:\Users\alfon\OneDrive\SEMESTRE 09\Microcomp\Proyectos\Proyecto01Final\Proyecto1.asm
            RETARDO_500MS   0x000053    program     static C:\Users\alfon\OneDrive\SEMESTRE 09\Microcomp\Proyectos\Proyecto01Final\Proyecto1.asm
                SECUENCIA   0x000028    program     static C:\Users\alfon\OneDrive\SEMESTRE 09\Microcomp\Proyectos\Proyecto01Final\Proyecto1.asm



                              Symbols - Sorted by Address
                     Name    Address   Location    Storage File                     
                ---------  ---------  ---------  --------- ---------                
                   INICIO   0x000005    program     static C:\Users\alfon\OneDrive\SEMESTRE 09\Microcomp\Proyectos\Proyecto01Final\Proyecto1.asm
                     LOOP   0x00000d    program     static C:\Users\alfon\OneDrive\SEMESTRE 09\Microcomp\Proyectos\Proyecto01Final\Proyecto1.asm
                    ETIQ1   0x000014    program     static C:\Users\alfon\OneDrive\SEMESTRE 09\Microcomp\Proyectos\Proyecto01Final\Proyecto1.asm
                    ETIQ2   0x00001a    program     static C:\Users\alfon\OneDrive\SEMESTRE 09\Microcomp\Proyectos\Proyecto01Final\Proyecto1.asm
                   CONTAR   0x00001c    program     static C:\Users\alfon\OneDrive\SEMESTRE 09\Microcomp\Proyectos\Proyecto01Final\Proyecto1.asm
                    ETIQ3   0x000025    program     static C:\Users\alfon\OneDrive\SEMESTRE 09\Microcomp\Proyectos\Proyecto01Final\Proyecto1.asm
                SECUENCIA   0x000028    program     static C:\Users\alfon\OneDrive\SEMESTRE 09\Microcomp\Proyectos\Proyecto01Final\Proyecto1.asm
                    ETIQ4   0x000030    program     static C:\Users\alfon\OneDrive\SEMESTRE 09\Microcomp\Proyectos\Proyecto01Final\Proyecto1.asm
                   CORRER   0x000035    program     static C:\Users\alfon\OneDrive\SEMESTRE 09\Microcomp\Proyectos\Proyecto01Final\Proyecto1.asm
            RETARDO_100MS   0x00003d    program     static C:\Users\alfon\OneDrive\SEMESTRE 09\Microcomp\Proyectos\Proyecto01Final\Proyecto1.asm
                   R100_1   0x00003f    program     static C:\Users\alfon\OneDrive\SEMESTRE 09\Microcomp\Proyectos\Proyecto01Final\Proyecto1.asm
                   R100_2   0x000041    program     static C:\Users\alfon\OneDrive\SEMESTRE 09\Microcomp\Proyectos\Proyecto01Final\Proyecto1.asm
            RETARDO_300MS   0x000048    program     static C:\Users\alfon\OneDrive\SEMESTRE 09\Microcomp\Proyectos\Proyecto01Final\Proyecto1.asm
                   R300_1   0x00004a    program     static C:\Users\alfon\OneDrive\SEMESTRE 09\Microcomp\Proyectos\Proyecto01Final\Proyecto1.asm
                   R300_2   0x00004c    program     static C:\Users\alfon\OneDrive\SEMESTRE 09\Microcomp\Proyectos\Proyecto01Final\Proyecto1.asm
            RETARDO_500MS   0x000053    program     static C:\Users\alfon\OneDrive\SEMESTRE 09\Microcomp\Proyectos\Proyecto01Final\Proyecto1.asm
                   R500_1   0x000055    program     static C:\Users\alfon\OneDrive\SEMESTRE 09\Microcomp\Proyectos\Proyecto01Final\Proyecto1.asm
                   R500_2   0x000057    program     static C:\Users\alfon\OneDrive\SEMESTRE 09\Microcomp\Proyectos\Proyecto01Final\Proyecto1.asm
               RETARDO_1S   0x00005e    program     static C:\Users\alfon\OneDrive\SEMESTRE 09\Microcomp\Proyectos\Proyecto01Final\Proyecto1.asm
                    R1S_1   0x000060    program     static C:\Users\alfon\OneDrive\SEMESTRE 09\Microcomp\Proyectos\Proyecto01Final\Proyecto1.asm
                    R1S_2   0x000062    program     static C:\Users\alfon\OneDrive\SEMESTRE 09\Microcomp\Proyectos\Proyecto01Final\Proyecto1.asm
                      ISR   0x00006a    program     static C:\Users\alfon\OneDrive\SEMESTRE 09\Microcomp\Proyectos\Proyecto01Final\Proyecto1.asm


